{
  "version": "1.5.0",
  "plugins_used": [
    {
      "name": "ArtifactoryDetector"
    },
    {
      "name": "AWSKeyDetector"
    },
    {
      "name": "AzureStorageKeyDetector"
    },
    {
      "name": "Base64HighEntropyString",
      "limit": 4.5
    },
    {
      "name": "BasicAuthDetector"
    },
    {
      "name": "CloudantDetector"
    },
    {
      "name": "DiscordBotTokenDetector"
    },
    {
      "name": "GitHubTokenDetector"
    },
    {
      "name": "GitLabTokenDetector"
    },
    {
      "name": "HexHighEntropyString",
      "limit": 3.0
    },
    {
      "name": "IbmCloudIamDetector"
    },
    {
      "name": "IbmCosHmacDetector"
    },
    {
      "name": "IPPublicDetector"
    },
    {
      "name": "JwtTokenDetector"
    },
    {
      "name": "KeywordDetector",
      "keyword_exclude": ""
    },
    {
      "name": "MailchimpDetector"
    },
    {
      "name": "NpmDetector"
    },
    {
      "name": "OpenAIDetector"
    },
    {
      "name": "PrivateKeyDetector"
    },
    {
      "name": "PypiTokenDetector"
    },
    {
      "name": "SendGridDetector"
    },
    {
      "name": "SlackDetector"
    },
    {
      "name": "SoftlayerDetector"
    },
    {
      "name": "SquareOAuthDetector"
    },
    {
      "name": "StripeDetector"
    },
    {
      "name": "TelegramBotTokenDetector"
    },
    {
      "name": "TwilioKeyDetector"
    }
  ],
  "filters_used": [
    {
      "path": "detect_secrets.filters.allowlist.is_line_allowlisted"
    },
    {
      "path": "detect_secrets.filters.common.is_baseline_file",
      "filename": ".secrets.baseline"
    },
    {
      "path": "detect_secrets.filters.common.is_ignored_due_to_verification_policies",
      "min_level": 2
    },
    {
      "path": "detect_secrets.filters.heuristic.is_indirect_reference"
    },
    {
      "path": "detect_secrets.filters.heuristic.is_likely_id_string"
    },
    {
      "path": "detect_secrets.filters.heuristic.is_lock_file"
    },
    {
      "path": "detect_secrets.filters.heuristic.is_not_alphanumeric_string"
    },
    {
      "path": "detect_secrets.filters.heuristic.is_potential_uuid"
    },
    {
      "path": "detect_secrets.filters.heuristic.is_prefixed_with_dollar_sign"
    },
    {
      "path": "detect_secrets.filters.heuristic.is_sequential_string"
    },
    {
      "path": "detect_secrets.filters.heuristic.is_swagger_file"
    },
    {
      "path": "detect_secrets.filters.heuristic.is_templated_secret"
    },
    {
      "path": "detect_secrets.filters.regex.should_exclude_file",
      "pattern": [
        "graphify-out|uv\\.lock|\\.venv|\\.secrets\\.baseline"
      ]
    }
  ],
  "results": {
    ".env.example": [
      {
        "type": "Basic Auth Credentials",
        "filename": ".env.example",
        "hashed_secret": "50995ec0695a4f25f45395437918ed4a9e082622",
        "is_verified": false,
        "line_number": 12
      }
    ],
    "src\\acip\\core\\security\\net.py": [
      {
        "type": "Basic Auth Credentials",
        "filename": "src\\acip\\core\\security\\net.py",
        "hashed_secret": "9d4e1e23bd5b727046a9e3b4b7db57bd8d6ee684",
        "is_verified": false,
        "line_number": 56
      }
    ],
    "tests\\api\\test_auth.py": [
      {
        "type": "Secret Keyword",
        "filename": "tests\\api\\test_auth.py",
        "hashed_secret": "8f83978c41387cba0f02f899360174bf407f6f00",
        "is_verified": false,
        "line_number": 11
      },
      {
        "type": "Secret Keyword",
        "filename": "tests\\api\\test_auth.py",
        "hashed_secret": "6809ffccad03b80fa1fbc32c17e7e054805ec30b",
        "is_verified": false,
        "line_number": 24
      }
    ],
    "tests\\security\\test_rate_limit.py": [
      {
        "type": "Secret Keyword",
        "filename": "tests\\security\\test_rate_limit.py",
        "hashed_secret": "6809ffccad03b80fa1fbc32c17e7e054805ec30b",
        "is_verified": false,
        "line_number": 40
      }
    ],
    "tests\\security\\test_ssrf.py": [
      {
        "type": "Basic Auth Credentials",
        "filename": "tests\\security\\test_ssrf.py",
        "hashed_secret": "e5e9fa1ba31ecd1ae84f75caaa474f3a663f05f4",
        "is_verified": false,
        "line_number": 44
      }
    ],
    "tests\\security\\test_tokens.py": [
      {
        "type": "Secret Keyword",
        "filename": "tests\\security\\test_tokens.py",
        "hashed_secret": "c9c2fd26ec7e32bd3b554c5a30c7ef7c8b836366",
        "is_verified": false,
        "line_number": 13
      }
    ],
    "tests\\unit\\test_contracts.py": [
      {
        "type": "Hex High Entropy String",
        "filename": "tests\\unit\\test_contracts.py",
        "hashed_secret": "222900b3fde9452445aa21b9a293112628bd6753",
        "is_verified": false,
        "line_number": 29
      }
    ],
    "tests\\unit\\test_sandbox.py": [
      {
        "type": "Secret Keyword",
        "filename": "tests\\unit\\test_sandbox.py",
        "hashed_secret": "4ea8d2335b430796cf3f500368c5b0f5b1dc90f5",
        "is_verified": false,
        "line_number": 28
      }
    ],
    "tests\\unit\\test_tokens.py": [
      {
        "type": "Secret Keyword",
        "filename": "tests\\unit\\test_tokens.py",
        "hashed_secret": "be667a6f6746d6bfa47c3903475a2979c14daa68",
        "is_verified": false,
        "line_number": 12
      },
      {
        "type": "Secret Keyword",
        "filename": "tests\\unit\\test_tokens.py",
        "hashed_secret": "5dc3f554220941502ac05a310eff9dba06a57bae",
        "is_verified": false,
        "line_number": 51
      }
    ]
  },
  "generated_at": "2026-08-27T20:13:24Z"
}
